// Jest Snapshot v1, https://goo.gl/fbAQLP

exports[`Reset Password Form should test Password Reset Form Template 1`] = `ShallowWrapper {}`;

exports[`Reset Password Form should test Reset Email Complete 1`] = `ShallowWrapper {}`;

exports[`Reset Password Form should test Reset Email Template 1`] = `ShallowWrapper {}`;

exports[`Reset Password Form should test ResetForm Template 1`] = `ShallowWrapper {}`;
